14:19:35 **** Incremental Build of configuration Debug for project dynamic_priority_queue_practice ****
make -j12 all 
arm-none-eabi-gcc "../app/src/ui.c" -mcpu=cortex-m4 -std=gnu11 -g3 -DDEBUG -DUSE_HAL_DRIVER -DSTM32F429xx -c -I../Core/Inc -I../Drivers/STM32F4xx_HAL_Driver/Inc -I../Drivers/STM32F4xx_HAL_Driver/Inc/Legacy -I../Drivers/CMSIS/Device/ST/STM32F4xx/Include -I../Drivers/CMSIS/Include -I../Middlewares/Third_Party/FreeRTOS/Source/include -I../Middlewares/Third_Party/FreeRTOS/Source/CMSIS_RTOS -I../Middlewares/Third_Party/FreeRTOS/Source/portable/GCC/ARM_CM4F -I../app/inc -O0 -ffunction-sections -fdata-sections -Wall -fstack-usage -fcyclomatic-complexity -MMD -MP -MF"app/src/ui.d" -MT"app/src/ui.o" --specs=nano.specs -mfpu=fpv4-sp-d16 -mfloat-abi=hard -mthumb -o "app/src/ui.o"
arm-none-eabi-gcc -o "dynamic_priority_queue_practice.elf" @"objects.list"  -lrdimon -mcpu=cortex-m4 -T"/home/silico/repos/rtos2/dynamic_priority_queue_practice/STM32F429ZITX_FLASH.ld" --specs=nosys.specs -Wl,-Map="dynamic_priority_queue_practice.map" -Wl,--gc-sections -static -specs=rdimon.specs --specs=nano.specs -mfpu=fpv4-sp-d16 -mfloat-abi=hard -mthumb -Wl,--start-group -lc -lm -Wl,--end-group
/opt/st/stm32cubeide_1.16.1/plugins/com.st.stm32cube.ide.mcu.externaltools.gnu-tools-for-stm32.12.3.rel1.linux64_1.0.200.202406132123/tools/bin/../lib/gcc/arm-none-eabi/12.3.1/../../../../arm-none-eabi/bin/ld: warning: dynamic_priority_queue_practice.elf has a LOAD segment with RWX permissions
Finished building target: dynamic_priority_queue_practice.elf
 
arm-none-eabi-size  dynamic_priority_queue_practice.elf 
arm-none-eabi-objdump -h -S dynamic_priority_queue_practice.elf  > "dynamic_priority_queue_practice.list"
   text	   data	    bss	    dec	    hex	filename
  36376	    152	  20064	  56592	   dd10	dynamic_priority_queue_practice.elf
Finished building: default.size.stdout
 
Finished building: dynamic_priority_queue_practice.list
 

14:19:36 Build Finished. 0 errors, 1 warnings. (took 697ms)

