21:19:23 **** Incremental Build of configuration Debug for project sistemas_reactivos_tp1_ejemplo ****
make -j12 all 
arm-none-eabi-gcc "../app/src/app.c" -mcpu=cortex-m4 -std=gnu11 -g3 -DDEBUG -DUSE_HAL_DRIVER -DSTM32F429xx -c -I../Core/Inc -I../Drivers/STM32F4xx_HAL_Driver/Inc -I../Drivers/STM32F4xx_HAL_Driver/Inc/Legacy -I../Drivers/CMSIS/Device/ST/STM32F4xx/Include -I../Drivers/CMSIS/Include -I../Middlewares/Third_Party/FreeRTOS/Source/include -I../Middlewares/Third_Party/FreeRTOS/Source/CMSIS_RTOS -I../Middlewares/Third_Party/FreeRTOS/Source/portable/GCC/ARM_CM4F -I../app/inc -O0 -ffunction-sections -fdata-sections -Wall -fstack-usage -fcyclomatic-complexity -MMD -MP -MF"app/src/app.d" -MT"app/src/app.o" --specs=nano.specs -mfpu=fpv4-sp-d16 -mfloat-abi=hard -mthumb -o "app/src/app.o"
arm-none-eabi-gcc -o "sistemas_reactivos_tp1_ejemplo.elf" @"objects.list"  -lrdimon -mcpu=cortex-m4 -T"/home/silico/repos/rtos2/sistemas_reactivos_tp1_ejemplo/STM32F429ZITX_FLASH.ld" --specs=nosys.specs -Wl,-Map="sistemas_reactivos_tp1_ejemplo.map" -Wl,--gc-sections -static -specs=rdimon.specs --specs=nano.specs -mfpu=fpv4-sp-d16 -mfloat-abi=hard -mthumb -Wl,--start-group -lc -lm -Wl,--end-group
/opt/st/stm32cubeide_1.16.1/plugins/com.st.stm32cube.ide.mcu.externaltools.gnu-tools-for-stm32.12.3.rel1.linux64_1.0.200.202406132123/tools/bin/../lib/gcc/arm-none-eabi/12.3.1/../../../../arm-none-eabi/bin/ld: warning: sistemas_reactivos_tp1_ejemplo.elf has a LOAD segment with RWX permissions
Finished building target: sistemas_reactivos_tp1_ejemplo.elf
 
arm-none-eabi-size  sistemas_reactivos_tp1_ejemplo.elf 
arm-none-eabi-objdump -h -S sistemas_reactivos_tp1_ejemplo.elf  > "sistemas_reactivos_tp1_ejemplo.list"
   text	   data	    bss	    dec	    hex	filename
  33468	    124	  19996	  53588	   d154	sistemas_reactivos_tp1_ejemplo.elf
Finished building: default.size.stdout
 
Finished building: sistemas_reactivos_tp1_ejemplo.list
 
21:19:33 **** Incremental Build of configuration Debug for project sistemas_reactivos_tp1_ejemplo ****
make -j12 all 
arm-none-eabi-size  sistemas_reactivos_tp1_ejemplo.elf 
   text	   data	    bss	    dec	    hex	filename
  33468	    124	  19996	  53588	   d154	sistemas_reactivos_tp1_ejemplo.elf
Finished building: default.size.stdout
 
21:45:07 **** Incremental Build of configuration Debug for project sistemas_reactivos_tp1_ejemplo ****
make -j12 all 
arm-none-eabi-gcc "../app/src/app.c" -mcpu=cortex-m4 -std=gnu11 -g3 -DDEBUG -DUSE_HAL_DRIVER -DSTM32F429xx -c -I../Core/Inc -I../Drivers/STM32F4xx_HAL_Driver/Inc -I../Drivers/STM32F4xx_HAL_Driver/Inc/Legacy -I../Drivers/CMSIS/Device/ST/STM32F4xx/Include -I../Drivers/CMSIS/Include -I../Middlewares/Third_Party/FreeRTOS/Source/include -I../Middlewares/Third_Party/FreeRTOS/Source/CMSIS_RTOS -I../Middlewares/Third_Party/FreeRTOS/Source/portable/GCC/ARM_CM4F -I../app/inc -O0 -ffunction-sections -fdata-sections -Wall -fstack-usage -fcyclomatic-complexity -MMD -MP -MF"app/src/app.d" -MT"app/src/app.o" --specs=nano.specs -mfpu=fpv4-sp-d16 -mfloat-abi=hard -mthumb -o "app/src/app.o"
arm-none-eabi-gcc -o "sistemas_reactivos_tp1_ejemplo.elf" @"objects.list"  -lrdimon -mcpu=cortex-m4 -T"/home/silico/repos/rtos2/sistemas_reactivos_tp1_ejemplo/STM32F429ZITX_FLASH.ld" --specs=nosys.specs -Wl,-Map="sistemas_reactivos_tp1_ejemplo.map" -Wl,--gc-sections -static -specs=rdimon.specs --specs=nano.specs -mfpu=fpv4-sp-d16 -mfloat-abi=hard -mthumb -Wl,--start-group -lc -lm -Wl,--end-group
/opt/st/stm32cubeide_1.16.1/plugins/com.st.stm32cube.ide.mcu.externaltools.gnu-tools-for-stm32.12.3.rel1.linux64_1.0.200.202406132123/tools/bin/../lib/gcc/arm-none-eabi/12.3.1/../../../../arm-none-eabi/bin/ld: warning: sistemas_reactivos_tp1_ejemplo.elf has a LOAD segment with RWX permissions
Finished building target: sistemas_reactivos_tp1_ejemplo.elf
 
arm-none-eabi-size  sistemas_reactivos_tp1_ejemplo.elf 
arm-none-eabi-objdump -h -S sistemas_reactivos_tp1_ejemplo.elf  > "sistemas_reactivos_tp1_ejemplo.list"
   text	   data	    bss	    dec	    hex	filename
  33468	    124	  19996	  53588	   d154	sistemas_reactivos_tp1_ejemplo.elf
Finished building: default.size.stdout
 
Finished building: sistemas_reactivos_tp1_ejemplo.list
 
21:51:45 **** Incremental Build of configuration Debug for project sistemas_reactivos_tp1_ejemplo ****
make -j12 all 
arm-none-eabi-gcc "../app/src/task_led.c" -mcpu=cortex-m4 -std=gnu11 -g3 -DDEBUG -DUSE_HAL_DRIVER -DSTM32F429xx -c -I../Core/Inc -I../Drivers/STM32F4xx_HAL_Driver/Inc -I../Drivers/STM32F4xx_HAL_Driver/Inc/Legacy -I../Drivers/CMSIS/Device/ST/STM32F4xx/Include -I../Drivers/CMSIS/Include -I../Middlewares/Third_Party/FreeRTOS/Source/include -I../Middlewares/Third_Party/FreeRTOS/Source/CMSIS_RTOS -I../Middlewares/Third_Party/FreeRTOS/Source/portable/GCC/ARM_CM4F -I../app/inc -O0 -ffunction-sections -fdata-sections -Wall -fstack-usage -fcyclomatic-complexity -MMD -MP -MF"app/src/task_led.d" -MT"app/src/task_led.o" --specs=nano.specs -mfpu=fpv4-sp-d16 -mfloat-abi=hard -mthumb -o "app/src/task_led.o"
arm-none-eabi-gcc -o "sistemas_reactivos_tp1_ejemplo.elf" @"objects.list"  -lrdimon -mcpu=cortex-m4 -T"/home/silico/repos/rtos2/sistemas_reactivos_tp1_ejemplo/STM32F429ZITX_FLASH.ld" --specs=nosys.specs -Wl,-Map="sistemas_reactivos_tp1_ejemplo.map" -Wl,--gc-sections -static -specs=rdimon.specs --specs=nano.specs -mfpu=fpv4-sp-d16 -mfloat-abi=hard -mthumb -Wl,--start-group -lc -lm -Wl,--end-group
/opt/st/stm32cubeide_1.16.1/plugins/com.st.stm32cube.ide.mcu.externaltools.gnu-tools-for-stm32.12.3.rel1.linux64_1.0.200.202406132123/tools/bin/../lib/gcc/arm-none-eabi/12.3.1/../../../../arm-none-eabi/bin/ld: warning: sistemas_reactivos_tp1_ejemplo.elf has a LOAD segment with RWX permissions
Finished building target: sistemas_reactivos_tp1_ejemplo.elf
 
arm-none-eabi-size  sistemas_reactivos_tp1_ejemplo.elf 
arm-none-eabi-objdump -h -S sistemas_reactivos_tp1_ejemplo.elf  > "sistemas_reactivos_tp1_ejemplo.list"
   text	   data	    bss	    dec	    hex	filename
  33160	    124	  19996	  53280	   d020	sistemas_reactivos_tp1_ejemplo.elf
Finished building: default.size.stdout
 
Finished building: sistemas_reactivos_tp1_ejemplo.list
 
